(set-logic QF_BV)
(declare-const a (_ BitVec 1))
(declare-const b (_ BitVec 1))
(assert (= 
 (bvurem a b) #b1))
(assert (= b #b1))
(check-sat)
(exit)
