log/smt2perr035.smt2:3:1: reached end-of-file but expected '(' or sort keyword
