log/smt2perr179.smt2:1:9: internal parse error: failed to translate parsed term at '/'
