log/smt2perr177.smt2:1:12: expected ')' after 'echo' at 'i'
