log/smt2perr006.smt2:3:1: expected symbol after set-logic but reached end-of-file
