log/smt2perr157.smt2:1:12: unsupported logic 'oops'
